components/data/DiscoveryModule.tsx(41,13): error TS2322: Type 'Timeout' is not assignable to type 'number'.
components/data/DiscoveryModule.tsx(51,13): error TS2322: Type 'Timeout' is not assignable to type 'number'.
components/ui/ErrorBoundary.tsx(26,14): error TS2339: Property 'setState' does not exist on type 'ErrorBoundary'.
components/ui/ErrorBoundary.tsx(84,21): error TS2339: Property 'props' does not exist on type 'ErrorBoundary'.
services/geminiService.ts(1,35): error TS2307: Cannot find module '@google/genai' or its corresponding type declarations.
services/geminiService.ts(26,13): error TS1117: An object literal cannot have multiple properties with the same name.
